1
4
5
7
8
9
13
13
17
17
17
18
18
20
22
22
24
24
25
27
27
30
32
33
33
33
33
34
34
37
38
38
38
39
40
40
41
41
42
42
42
42
43
44
45
45
49
50
50
51
51
52
53
54
54
56
56
58
59
60
63
63
63
64
65
65
67
69
70
73
74
75
75
75
75
76
77
78
79
79
80
81
83
84
84
84
85
85
88
90
91
92
93
94
96
98
99
100
100
100
