    -15129     42435    -69741     97047
    -42435    119025   -195615    272205
    -69741    195615   -321489    447363
    -97047    272205   -447363    622521
