GPA: 1.9
Hours Attempted: 215
Hours Completed: 175
Credits Remaining: 99

Possible Courses to Take Next
  c76
  c9
  c27
  c72
  c88
  c42
  c56
  c14
  c67
  c64
  c74
  c85
  c99
  c66
  c44
  c93
  c62
  c38
  c1
  c65
  c37
  c48
  c80
